(
    ((import Functions))
    (
        (main () (int) (
            (= (j int) (. Functions (add5 (77))) )
            (= (k int) (. (. Functions MoreFunctions) (sub5 (78)) ))
            (. Functions (doNothing ()))
            (= k (. Functions (retrieve ())) )
            (return 0)
        ))
    )
)